// Vitest Snapshot v1, https://vitest.dev/guide/snapshot.html

exports[`unit:codes > should be character code dictionary 1`] = `
{
  "eof": null,
  "eos": null,
  "bos": -1000,
  "sof": -1000,
  "empty": -999,
  "break": -13,
  "vcr": -5,
  "vlf": -4,
  "crlf": -3,
  "vht": -2,
  "vs": -1,
  "nul": 0,
  "soh": 1,
  "stx": 2,
  "etx": 3,
  "eot": 4,
  "enq": 5,
  "ack": 6,
  "bel": 7,
  "bs": 8,
  "ht": 9,
  "lf": 10,
  "vt": 11,
  "ff": 12,
  "cr": 13,
  "so": 14,
  "si": 15,
  "dle": 16,
  "dc1": 17,
  "dc2": 18,
  "dc3": 19,
  "dc4": 20,
  "nak": 21,
  "syn": 22,
  "etb": 23,
  "can": 24,
  "em": 25,
  "sub": 26,
  "esc": 27,
  "fs": 28,
  "gs": 29,
  "rs": 30,
  "us": 31,
  "space": 32,
  "exclamation": 33,
  "quotation": 34,
  "hash": 35,
  "dollar": 36,
  "percent": 37,
  "ampersand": 38,
  "apostrophe": 39,
  "leftParen": 40,
  "rightParen": 41,
  "asterisk": 42,
  "plus": 43,
  "comma": 44,
  "hyphen": 45,
  "minus": 45,
  "dot": 46,
  "slash": 47,
  "digit0": 48,
  "digit1": 49,
  "digit2": 50,
  "digit3": 51,
  "digit4": 52,
  "digit5": 53,
  "digit6": 54,
  "digit7": 55,
  "digit8": 56,
  "digit9": 57,
  "colon": 58,
  "semicolon": 59,
  "leftAngleBracket": 60,
  "lt": 60,
  "equal": 61,
  "gt": 62,
  "rightAngleBracket": 62,
  "questionMark": 63,
  "at": 64,
  "uppercaseA": 65,
  "uppercaseB": 66,
  "uppercaseC": 67,
  "uppercaseD": 68,
  "uppercaseE": 69,
  "uppercaseF": 70,
  "uppercaseG": 71,
  "uppercaseH": 72,
  "uppercaseI": 73,
  "uppercaseJ": 74,
  "uppercaseK": 75,
  "uppercaseL": 76,
  "uppercaseM": 77,
  "uppercaseN": 78,
  "uppercaseO": 79,
  "uppercaseP": 80,
  "uppercaseQ": 81,
  "uppercaseR": 82,
  "uppercaseS": 83,
  "uppercaseT": 84,
  "uppercaseU": 85,
  "uppercaseV": 86,
  "uppercaseW": 87,
  "uppercaseX": 88,
  "uppercaseY": 89,
  "uppercaseZ": 90,
  "leftBracket": 91,
  "backslash": 92,
  "rightBracket": 93,
  "caret": 94,
  "underscore": 95,
  "graveAccent": 96,
  "lowercaseA": 97,
  "lowercaseB": 98,
  "lowercaseC": 99,
  "lowercaseD": 100,
  "lowercaseE": 101,
  "lowercaseF": 102,
  "lowercaseG": 103,
  "lowercaseH": 104,
  "lowercaseI": 105,
  "lowercaseJ": 106,
  "lowercaseK": 107,
  "lowercaseL": 108,
  "lowercaseM": 109,
  "lowercaseN": 110,
  "lowercaseO": 111,
  "lowercaseP": 112,
  "lowercaseQ": 113,
  "lowercaseR": 114,
  "lowercaseS": 115,
  "lowercaseT": 116,
  "lowercaseU": 117,
  "lowercaseV": 118,
  "lowercaseW": 119,
  "lowercaseX": 120,
  "lowercaseY": 121,
  "lowercaseZ": 122,
  "leftBrace": 123,
  "bar": 124,
  "rightBrace": 125,
  "tilde": 126,
  "del": 127,
  "nbsp": 160,
  "zwnj": 8204,
  "zwj": 8205,
  "ls": 8232,
  "ps": 8233,
  "bom": 65279,
  "replacement": 65533
}
`;
